{
  "loadPath" : [
    "./",
    "test/fixtures/glob_path/",
    "node_modules/"
  ]
}
